ADB Reboot Stability Test (Alpaca) — device: bbc3d4d2  alpaca: FTAGZXRO  iterations: 10
Started: Sun May 17 07:46:56 AM CST 2026
---
[07:46:56] === Cycle 1/10 ===
  Power off...
[power_off] Pressing power button on FTAGZXRO ...
[power_off] Done
  Power on...
[power_on] Pressing power button on FTAGZXRO ...
[power_on] Done
  Waiting for ADB online (max 180s)...
[07:47:43] cycle 1 PASS — online in 33s, uptime=28.37s
[07:47:43] === Cycle 2/10 ===
  Power off...
[power_off] Pressing power button on FTAGZXRO ...
[power_off] Done
  Power on...
[power_on] Pressing power button on FTAGZXRO ...
[power_on] Done
  Waiting for ADB online (max 180s)...
[07:48:30] cycle 2 PASS — online in 33s, uptime=28.35s
[07:48:30] === Cycle 3/10 ===
  Power off...
[power_off] Pressing power button on FTAGZXRO ...
[power_off] Done
  Power on...
[power_on] Pressing power button on FTAGZXRO ...
[power_on] Done
  Waiting for ADB online (max 180s)...
[07:49:16] cycle 3 PASS — online in 33s, uptime=28.35s
[07:49:17] === Cycle 4/10 ===
  Power off...
[power_off] Pressing power button on FTAGZXRO ...
[power_off] Done
  Power on...
[power_on] Pressing power button on FTAGZXRO ...
[power_on] Done
  Waiting for ADB online (max 180s)...
[07:50:02] cycle 4 PASS — online in 33s, uptime=28.26s
[07:50:03] === Cycle 5/10 ===
  Power off...
[power_off] Pressing power button on FTAGZXRO ...
[power_off] Done
  Power on...
[power_on] Pressing power button on FTAGZXRO ...
[power_on] Done
  Waiting for ADB online (max 180s)...
[07:50:50] cycle 5 PASS — online in 33s, uptime=28.34s
[07:50:50] === Cycle 6/10 ===
  Power off...
[power_off] Pressing power button on FTAGZXRO ...
[power_off] Done
  Power on...
[power_on] Pressing power button on FTAGZXRO ...
[power_on] Done
  Waiting for ADB online (max 180s)...
[07:51:48] cycle 6 PASS — online in 45s, uptime=40.45s
[07:51:48] === Cycle 7/10 ===
  Power off...
[power_off] Pressing power button on FTAGZXRO ...
[power_off] Done
  Power on...
[power_on] Pressing power button on FTAGZXRO ...
[power_on] Done
  Waiting for ADB online (max 180s)...
[07:52:37] cycle 7 PASS — online in 36s, uptime=31.37s
[07:52:37] === Cycle 8/10 ===
  Power off...
[power_off] Pressing power button on FTAGZXRO ...
[power_off] Done
  Power on...
[power_on] Pressing power button on FTAGZXRO ...
[power_on] Done
  Waiting for ADB online (max 180s)...
[07:53:24] cycle 8 PASS — online in 33s, uptime=28.35s
[07:53:24] === Cycle 9/10 ===
  Power off...
[power_off] Pressing power button on FTAGZXRO ...
[power_off] Done
  Power on...
[power_on] Pressing power button on FTAGZXRO ...
[power_on] Done
  Waiting for ADB online (max 180s)...
[07:54:13] cycle 9 PASS — online in 36s, uptime=31.38s
[07:54:13] === Cycle 10/10 ===
  Power off...
[power_off] Pressing power button on FTAGZXRO ...
[power_off] Done
  Power on...
[power_on] Pressing power button on FTAGZXRO ...
[power_on] Done
  Waiting for ADB online (max 180s)...
[07:54:59] cycle 10 PASS — online in 33s, uptime=28.34s
---
Result: 10/10 passed, 0 failed
Finished: Sun May 17 07:54:59 AM CST 2026
No failures.
Full log: /tmp/adb_reboot_stability_20260517_074656.log
