ADB Reboot Stability Test (Alpaca) — device: bbc3d4d2  alpaca: FTAGZXRO  iterations: 20
Started: Sun May 17 05:40:45 PM CST 2026
---
[17:40:45] === Cycle 1/20 ===
  Power off...
[power_off] Pressing power button on FTAGZXRO ...
[power_off] Done
  Power on...
[power_on] Pressing power button on FTAGZXRO ...
[power_on] Done
  Waiting for ADB online (max 180s)...
[17:41:32] cycle 1 PASS — online in 33s, uptime=28.24s
[17:41:32] === Cycle 2/20 ===
  Power off...
[power_off] Pressing power button on FTAGZXRO ...
[power_off] Done
  Power on...
[power_on] Pressing power button on FTAGZXRO ...
[power_on] Done
  Waiting for ADB online (max 180s)...
[17:42:18] cycle 2 PASS — online in 33s, uptime=28.32s
[17:42:19] === Cycle 3/20 ===
  Power off...
[power_off] Pressing power button on FTAGZXRO ...
[power_off] Done
  Power on...
[power_on] Pressing power button on FTAGZXRO ...
[power_on] Done
  Waiting for ADB online (max 180s)...
[17:43:05] cycle 3 PASS — online in 33s, uptime=28.29s
[17:43:05] === Cycle 4/20 ===
  Power off...
[power_off] Pressing power button on FTAGZXRO ...
[power_off] Done
  Power on...
[power_on] Pressing power button on FTAGZXRO ...
[power_on] Done
  Waiting for ADB online (max 180s)...
[17:43:54] cycle 4 PASS — online in 36s, uptime=31.37s
[17:43:54] === Cycle 5/20 ===
  Power off...
[power_off] Pressing power button on FTAGZXRO ...
[power_off] Done
  Power on...
[power_on] Pressing power button on FTAGZXRO ...
[power_on] Done
  Waiting for ADB online (max 180s)...
[17:44:43] cycle 5 PASS — online in 36s, uptime=31.38s
[17:44:43] === Cycle 6/20 ===
  Power off...
[power_off] Pressing power button on FTAGZXRO ...
[power_off] Done
  Power on...
[power_on] Pressing power button on FTAGZXRO ...
[power_on] Done
  Waiting for ADB online (max 180s)...
[17:47:57] cycle 6 FAIL — ADB did not come online within 180s
[17:47:58] === Cycle 7/20 ===
  Power off...
[power_off] Pressing power button on FTAGZXRO ...
[power_off] Done
  Power on...
[power_on] Pressing power button on FTAGZXRO ...
[power_on] Done
  Waiting for ADB online (max 180s)...
[17:48:44] cycle 7 PASS — online in 33s, uptime=28.37s
[17:48:44] === Cycle 8/20 ===
  Power off...
[power_off] Pressing power button on FTAGZXRO ...
[power_off] Done
  Power on...
[power_on] Pressing power button on FTAGZXRO ...
[power_on] Done
  Waiting for ADB online (max 180s)...
[17:49:31] cycle 8 PASS — online in 33s, uptime=28.28s
[17:49:31] === Cycle 9/20 ===
  Power off...
[power_off] Pressing power button on FTAGZXRO ...
[power_off] Done
  Power on...
[power_on] Pressing power button on FTAGZXRO ...
[power_on] Done
  Waiting for ADB online (max 180s)...
[17:52:45] cycle 9 FAIL — ADB did not come online within 180s
[17:52:45] === Cycle 10/20 ===
  Power off...
[power_off] Pressing power button on FTAGZXRO ...
[power_off] Done
  Power on...
[power_on] Pressing power button on FTAGZXRO ...
[power_on] Done
  Waiting for ADB online (max 180s)...
[17:53:31] cycle 10 PASS — online in 33s, uptime=28.36s
[17:53:31] === Cycle 11/20 ===
  Power off...
[power_off] Pressing power button on FTAGZXRO ...
[power_off] Done
  Power on...
[power_on] Pressing power button on FTAGZXRO ...
[power_on] Done
  Waiting for ADB online (max 180s)...
[17:54:17] cycle 11 PASS — online in 33s, uptime=28.36s
[17:54:17] === Cycle 12/20 ===
  Power off...
[power_off] Pressing power button on FTAGZXRO ...
[power_off] Done
  Power on...
[power_on] Pressing power button on FTAGZXRO ...
[power_on] Done
  Waiting for ADB online (max 180s)...
[17:55:04] cycle 12 PASS — online in 33s, uptime=28.37s
[17:55:04] === Cycle 13/20 ===
  Power off...
[power_off] Pressing power button on FTAGZXRO ...
[power_off] Done
  Power on...
[power_on] Pressing power button on FTAGZXRO ...
[power_on] Done
  Waiting for ADB online (max 180s)...
[17:55:53] cycle 13 PASS — online in 36s, uptime=31.38s
[17:55:53] === Cycle 14/20 ===
  Power off...
[power_off] Pressing power button on FTAGZXRO ...
[power_off] Done
  Power on...
[power_on] Pressing power button on FTAGZXRO ...
[power_on] Done
  Waiting for ADB online (max 180s)...
[17:56:39] cycle 14 PASS — online in 33s, uptime=28.35s
[17:56:39] === Cycle 15/20 ===
  Power off...
[power_off] Pressing power button on FTAGZXRO ...
[power_off] Done
  Power on...
[power_on] Pressing power button on FTAGZXRO ...
[power_on] Done
  Waiting for ADB online (max 180s)...
[17:57:25] cycle 15 PASS — online in 33s, uptime=28.36s
[17:57:25] === Cycle 16/20 ===
  Power off...
[power_off] Pressing power button on FTAGZXRO ...
[power_off] Done
  Power on...
[power_on] Pressing power button on FTAGZXRO ...
[power_on] Done
  Waiting for ADB online (max 180s)...
[18:00:39] cycle 16 FAIL — ADB did not come online within 180s
[18:00:39] === Cycle 17/20 ===
  Power off...
[power_off] Pressing power button on FTAGZXRO ...
[power_off] Done
  Power on...
[power_on] Pressing power button on FTAGZXRO ...
[power_on] Done
  Waiting for ADB online (max 180s)...
[18:03:53] cycle 17 FAIL — ADB did not come online within 180s
[18:03:53] === Cycle 18/20 ===
  Power off...
[power_off] Pressing power button on FTAGZXRO ...
[power_off] Done
  Power on...
[power_on] Pressing power button on FTAGZXRO ...
[power_on] Done
  Waiting for ADB online (max 180s)...
[18:04:39] cycle 18 PASS — online in 33s, uptime=28.36s
[18:04:39] === Cycle 19/20 ===
  Power off...
[power_off] Pressing power button on FTAGZXRO ...
[power_off] Done
  Power on...
[power_on] Pressing power button on FTAGZXRO ...
[power_on] Done
  Waiting for ADB online (max 180s)...
[18:05:25] cycle 19 PASS — online in 33s, uptime=28.36s
[18:05:25] === Cycle 20/20 ===
  Power off...
[power_off] Pressing power button on FTAGZXRO ...
[power_off] Done
  Power on...
[power_on] Pressing power button on FTAGZXRO ...
[power_on] Done
  Waiting for ADB online (max 180s)...
[18:06:15] cycle 20 PASS — online in 36s, uptime=31.37s
---
Result: 16/20 passed, 4 failed
Finished: Sun May 17 06:06:15 PM CST 2026
