ADB Reboot Stability Test (Alpaca) — device: bbc3d4d2  iterations: 10
Started: Sun May 17 07:17:20 AM CST 2026
---
[07:17:20] === Cycle 1/10 ===
  Power off...
[power_off] Pressing power button on FTAGZXRO ...
[power_off] Done
  Power on...
[power_on] Pressing power button on FTAGZXRO ...
[power_on] Done
  Waiting for ADB online (max 180s)...
[07:18:07] cycle 1 PASS — online in 33s, uptime=28.35s
[07:18:07] === Cycle 2/10 ===
  Power off...
[power_off] Pressing power button on FTAGZXRO ...
[power_off] Done
  Power on...
[power_on] Pressing power button on FTAGZXRO ...
[power_on] Done
  Waiting for ADB online (max 180s)...
[07:18:53] cycle 2 PASS — online in 33s, uptime=28.34s
[07:18:53] === Cycle 3/10 ===
  Power off...
[power_off] Pressing power button on FTAGZXRO ...
[power_off] Done
  Power on...
[power_on] Pressing power button on FTAGZXRO ...
[power_on] Done
  Waiting for ADB online (max 180s)...
[07:19:42] cycle 3 PASS — online in 36s, uptime=31.37s
[07:19:42] === Cycle 4/10 ===
  Power off...
[power_off] Pressing power button on FTAGZXRO ...
[power_off] Done
  Power on...
[power_on] Pressing power button on FTAGZXRO ...
[power_on] Done
  Waiting for ADB online (max 180s)...
[07:20:31] cycle 4 PASS — online in 36s, uptime=31.29s
[07:20:32] === Cycle 5/10 ===
  Power off...
[power_off] Pressing power button on FTAGZXRO ...
[power_off] Done
  Power on...
[power_on] Pressing power button on FTAGZXRO ...
[power_on] Done
  Waiting for ADB online (max 180s)...
[07:21:18] cycle 5 PASS — online in 33s, uptime=28.33s
[07:21:18] === Cycle 6/10 ===
  Power off...
[power_off] Pressing power button on FTAGZXRO ...
[power_off] Done
  Power on...
[power_on] Pressing power button on FTAGZXRO ...
[power_on] Done
  Waiting for ADB online (max 180s)...
[07:22:05] cycle 6 PASS — online in 33s, uptime=28.25s
[07:22:05] === Cycle 7/10 ===
  Power off...
[power_off] Pressing power button on FTAGZXRO ...
[power_off] Done
  Power on...
[power_on] Pressing power button on FTAGZXRO ...
[power_on] Done
  Waiting for ADB online (max 180s)...
[07:22:54] cycle 7 PASS — online in 36s, uptime=31.28s
[07:22:54] === Cycle 8/10 ===
  Power off...
[power_off] Pressing power button on FTAGZXRO ...
[power_off] Done
  Power on...
[power_on] Pressing power button on FTAGZXRO ...
[power_on] Done
  Waiting for ADB online (max 180s)...
[07:23:40] cycle 8 PASS — online in 33s, uptime=28.33s
[07:23:40] === Cycle 9/10 ===
  Power off...
[power_off] Pressing power button on FTAGZXRO ...
[power_off] Done
  Power on...
[power_on] Pressing power button on FTAGZXRO ...
[power_on] Done
  Waiting for ADB online (max 180s)...
[07:24:38] cycle 9 PASS — online in 45s, uptime=40.43s
[07:24:38] === Cycle 10/10 ===
  Power off...
[power_off] Pressing power button on FTAGZXRO ...
[power_off] Done
  Power on...
[power_on] Pressing power button on FTAGZXRO ...
[power_on] Done
  Waiting for ADB online (max 180s)...
[07:25:24] cycle 10 PASS — online in 33s, uptime=28.32s
---
Result: 10/10 passed, 0 failed
Finished: Sun May 17 07:25:24 AM CST 2026
